// Jest Snapshot v1, https://goo.gl/fbAQLP

exports[`StartStopButton component renders correctly 1`] = `
<body>
  <div>
    <button
      class="icon start svelte-znyfjv"
    >
      <svg
        class="feather feather-play "
        fill="none"
        height="100%"
        stroke="currentColor"
        stroke-linecap="round"
        stroke-linejoin="round"
        stroke-width="2"
        viewBox="0 0 24 24"
        width="100%"
        xmlns="http://www.w3.org/2000/svg"
      >
        <polygon
          points="5 3 19 12 5 21 5 3"
        />
      </svg>
    </button>
  </div>
</body>
`;
