// Jest Snapshot v1, https://goo.gl/fbAQLP

exports[`Scores component renders correctly 1`] = `
<body>
  <div>
    <div
      class="Scores svelte-c6f6eo"
    >
      <button
        class="score player1 svelte-c6f6eo"
      >
        <div
          class="svelte-c6f6eo"
        >
          0
        </div>
      </button>
       
      <button
        class="score player2 svelte-c6f6eo"
      >
        <div
          class="svelte-c6f6eo"
        >
          0
        </div>
      </button>
    </div>
     
    <div
      class="PointDifferenceIndicator svelte-16qa96h"
    >
       
    </div>
  </div>
</body>
`;
